
> linux-cert-quiz@0.0.0 build
> vite build

[36mvite v7.3.1 [32mbuilding client environment for production...[36m[39m
transforming...
[32mΓ£ô[39m 21 modules transformed.
node.exe : 
[31mΓ£ù[39m Build 
failed in 300ms
At line:1 char:1
+ & "C:\Program 
Files/node.exe" 
"C:\Program Files/nod
e_modules/npm/bin/ 
...
+ ~~~~~~~~~~~~~~~~~~~
~~~~~~~~~~~~~~~~~~~~~
~~~~~~~~~~~~~~~~~~~~~
~~~~~~~~
    + CategoryInfo   
           : NotSpe  
  cified: ([31mΓ£   
 ù[39m Build fai    
led in 300ms:Str    
ing) [], RemoteE    
xception
    + FullyQualified 
   ErrorId : Native  
  CommandError
 
[31merror during 
build:
[31mCould not 
resolve 
"../data/questions" 
from "src/components/
quiz/CategoryMenu.jsx
"[31m
file: [36mE:/linux-c
ert-quiz/src/componen
ts/quiz/CategoryMenu.
jsx[31m
    at 
getRollupError (file:
///E:/linux-cert-quiz
/node_modules/rollup/
dist/es/shared/parseA
st.js:401:41)
    at error (file://
/E:/linux-cert-quiz/n
ode_modules/rollup/di
st/es/shared/parseAst
.js:397:42)
    at ModuleLoader.h
andleInvalidResolvedI
d (file:///E:/linux-c
ert-quiz/node_modules
/rollup/dist/es/share
d/node-entry.js:21709
:24)
    at file:///E:/lin
ux-cert-quiz/node_mod
ules/rollup/dist/es/s
hared/node-entry.js:2
1669:26[39m
